main.c:114:5:main	8	static
main.c:259:6:SystemClock_Config	96	static
main.c:308:13:MX_TIM3_Init	48	static
main.c:357:13:MX_TIM6_Init	24	static
main.c:395:13:MX_TIM7_Init	24	static
main.c:433:13:MX_TIM8_Init	96	static
main.c:503:13:MX_UART4_Init	8	static
main.c:538:13:MX_GPIO_Init	40	static
main.c:606:7:nodemcu_receive	24	dynamic
main.c:616:6:nodemcu_send	16	static
main.c:626:5:boutton	8	static
main.c:631:6:follow_path	16	static
main.c:640:6:fix_path	16	static
main.c:678:6:follow_line	8	static
main.c:725:6:moteur_droit	16	static
main.c:732:6:moteur_gauche	16	static
main.c:739:6:sonar_distance	8	static
main.c:752:6:HAL_GPIO_EXTI_Callback	24	static
main.c:777:6:HAL_TIM_PeriodElapsedCallback	16	static
main.c:782:6:PWM_TIM3_SET_PULSE	48	static
main.c:798:6:PWM_TIM8_SET_PULSE	48	static
main.c:823:6:Error_Handler	4	static,ignoring_inline_asm
