main.c:89:5:main	8	static
main.c:187:6:SystemClock_Config	96	static
main.c:236:13:MX_TIM3_Init	48	static
main.c:285:13:MX_TIM7_Init	24	static
main.c:323:13:MX_TIM8_Init	96	static
main.c:393:13:MX_UART4_Init	8	static
main.c:428:13:MX_GPIO_Init	40	static
main.c:485:5:boutton	8	static
main.c:491:10:sonar_distance	8	static
main.c:520:6:HAL_GPIO_EXTI_Callback	16	static
main.c:532:6:moteur_droit	16	static
main.c:538:6:moteur_gauche	16	static
main.c:544:6:PWM_TIM3_SET_PULSE	56	static
main.c:578:6:PWM_TIM8_SET_PULSE	104	static
main.c:639:6:Error_Handler	4	static,ignoring_inline_asm
